0 verbose cli /usr/bin/node /usr/bin/npm
1 info using npm@11.11.1
2 info using node@v25.8.1
3 silly config load:file:/usr/lib/node_modules/npm/npmrc
4 silly config load:file:/home/swsh/.pilot_ai/projects/***/repo/.npmrc
5 silly config load:file:/etc/npmrc
6 verbose title npm install
7 verbose argv "install"
8 verbose logfile logs-max:10 dir:/home/swsh/.pilot_ai/projects/***/repo/.npm/_logs/2026-03-28T23_29_56_923Z-
9 verbose logfile /home/swsh/.pilot_ai/projects/***/repo/.npm/_logs/2026-03-28T23_29_56_923Z-debug-0.log
10 silly logfile start cleaning logs, removing 1 files
11 silly logfile done cleaning log files
12 silly packumentCache heap:4496293888 maxSize:1124073472 maxEntrySize:562036736
13 verbose shrinkwrap failed to load node_modules/.package-lock.json out of date, updated: node_modules
14 silly idealTree buildDeps
15 silly reify moves {}
16 silly audit bulk request {
16 silly audit   '@babel/code-frame': [ '7.29.0' ],
16 silly audit   '@babel/compat-data': [ '7.29.0' ],
16 silly audit   '@babel/core': [ '7.29.0' ],
16 silly audit   '@babel/generator': [ '7.29.1' ],
16 silly audit   '@babel/helper-compilation-targets': [ '7.28.6' ],
16 silly audit   '@babel/helper-globals': [ '7.28.0' ],
16 silly audit   '@babel/helper-module-imports': [ '7.28.6' ],
16 silly audit   '@babel/helper-module-transforms': [ '7.28.6' ],
16 silly audit   '@babel/helper-plugin-utils': [ '7.28.6' ],
16 silly audit   '@babel/helper-string-parser': [ '7.27.1' ],
16 silly audit   '@babel/helper-validator-identifier': [ '7.28.5' ],
16 silly audit   '@babel/helper-validator-option': [ '7.27.1' ],
16 silly audit   '@babel/helpers': [ '7.29.2' ],
16 silly audit   '@babel/parser': [ '7.29.2' ],
16 silly audit   '@babel/plugin-transform-react-jsx-self': [ '7.27.1' ],
16 silly audit   '@babel/plugin-transform-react-jsx-source': [ '7.27.1' ],
16 silly audit   '@babel/template': [ '7.28.6' ],
16 silly audit   '@babel/traverse': [ '7.29.0' ],
16 silly audit   '@babel/types': [ '7.29.0' ],
16 silly audit   '@esbuild/aix-ppc64': [ '0.21.5' ],
16 silly audit   '@esbuild/android-arm': [ '0.21.5' ],
16 silly audit   '@esbuild/android-arm64': [ '0.21.5' ],
16 silly audit   '@esbuild/android-x64': [ '0.21.5' ],
16 silly audit   '@esbuild/darwin-arm64': [ '0.21.5' ],
16 silly audit   '@esbuild/darwin-x64': [ '0.21.5' ],
16 silly audit   '@esbuild/freebsd-arm64': [ '0.21.5' ],
16 silly audit   '@esbuild/freebsd-x64': [ '0.21.5' ],
16 silly audit   '@esbuild/linux-arm': [ '0.21.5' ],
16 silly audit   '@esbuild/linux-arm64': [ '0.21.5' ],
16 silly audit   '@esbuild/linux-ia32': [ '0.21.5' ],
16 silly audit   '@esbuild/linux-loong64': [ '0.21.5' ],
16 silly audit   '@esbuild/linux-mips64el': [ '0.21.5' ],
16 silly audit   '@esbuild/linux-ppc64': [ '0.21.5' ],
16 silly audit   '@esbuild/linux-riscv64': [ '0.21.5' ],
16 silly audit   '@esbuild/linux-s390x': [ '0.21.5' ],
16 silly audit   '@esbuild/linux-x64': [ '0.21.5' ],
16 silly audit   '@esbuild/netbsd-x64': [ '0.21.5' ],
16 silly audit   '@esbuild/openbsd-x64': [ '0.21.5' ],
16 silly audit   '@esbuild/sunos-x64': [ '0.21.5' ],
16 silly audit   '@esbuild/win32-arm64': [ '0.21.5' ],
16 silly audit   '@esbuild/win32-ia32': [ '0.21.5' ],
16 silly audit   '@esbuild/win32-x64': [ '0.21.5' ],
16 silly audit   '@formatjs/ecma402-abstract': [ '2.3.6' ],
16 silly audit   '@formatjs/fast-memoize': [ '2.2.7' ],
16 silly audit   '@formatjs/icu-messageformat-parser': [ '2.11.4' ],
16 silly audit   '@formatjs/icu-skeleton-parser': [ '1.8.16' ],
16 silly audit   '@formatjs/intl-localematcher': [ '0.6.2' ],
16 silly audit   '@heroui/react': [ '3.0.1' ],
16 silly audit   '@heroui/styles': [ '3.0.1' ],
16 silly audit   '@internationalized/date': [ '3.12.0' ],
16 silly audit   '@internationalized/message': [ '3.1.8' ],
16 silly audit   '@internationalized/number': [ '3.6.5' ],
16 silly audit   '@internationalized/string': [ '3.2.7' ],
16 silly audit   '@jridgewell/gen-mapping': [ '0.3.13' ],
16 silly audit   '@jridgewell/remapping': [ '2.3.5' ],
16 silly audit   '@jridgewell/resolve-uri': [ '3.1.2' ],
16 silly audit   '@jridgewell/sourcemap-codec': [ '1.5.5' ],
16 silly audit   '@jridgewell/trace-mapping': [ '0.3.31' ],
16 silly audit   '@radix-ui/react-avatar': [ '1.1.11' ],
16 silly audit   '@radix-ui/react-compose-refs': [ '1.1.2' ],
16 silly audit   '@radix-ui/react-context': [ '1.1.3' ],
16 silly audit   '@radix-ui/react-primitive': [ '2.1.4' ],
16 silly audit   '@radix-ui/react-slot': [ '1.2.4' ],
16 silly audit   '@radix-ui/react-use-callback-ref': [ '1.1.1' ],
16 silly audit   '@radix-ui/react-use-is-hydrated': [ '0.1.0' ],
16 silly audit   '@radix-ui/react-use-layout-effect': [ '1.1.1' ],
16 silly audit   '@react-aria/autocomplete': [ '3.0.0-rc.6' ],
16 silly audit   '@react-aria/breadcrumbs': [ '3.5.32' ],
16 silly audit   '@react-aria/button': [ '3.14.5' ],
16 silly audit   '@react-aria/calendar': [ '3.9.5' ],
16 silly audit   '@react-aria/checkbox': [ '3.16.5' ],
16 silly audit   '@react-aria/collections': [ '3.0.3' ],
16 silly audit   '@react-aria/color': [ '3.1.5' ],
16 silly audit   '@react-aria/combobox': [ '3.15.0' ],
16 silly audit   '@react-aria/datepicker': [ '3.16.1' ],
16 silly audit   '@react-aria/dialog': [ '3.5.34' ],
16 silly audit   '@react-aria/disclosure': [ '3.1.3' ],
16 silly audit   '@react-aria/dnd': [ '3.11.6' ],
16 silly audit   '@react-aria/focus': [ '3.21.5' ],
16 silly audit   '@react-aria/form': [ '3.1.5' ],
16 silly audit   '@react-aria/grid': [ '3.14.8' ],
16 silly audit   '@react-aria/gridlist': [ '3.14.4' ],
16 silly audit   '@react-aria/i18n': [ '3.12.16' ],
16 silly audit   '@react-aria/interactions': [ '3.27.1' ],
16 silly audit   '@react-aria/label': [ '3.7.25' ],
16 silly audit   '@react-aria/landmark': [ '3.0.10' ],
16 silly audit   '@react-aria/link': [ '3.8.9' ],
16 silly audit   '@react-aria/listbox': [ '3.15.3' ],
16 silly audit   '@react-aria/live-announcer': [ '3.4.4' ],
16 silly audit   '@react-aria/menu': [ '3.21.0' ],
16 silly audit   '@react-aria/meter': [ '3.4.30' ],
16 silly audit   '@react-aria/numberfield': [ '3.12.5' ],
16 silly audit   '@react-aria/overlays': [ '3.31.2' ],
16 silly audit   '@react-aria/progress': [ '3.4.30' ],
16 silly audit   '@react-aria/radio': [ '3.12.5' ],
16 silly audit   '@react-aria/searchfield': [ '3.8.12' ],
16 silly audit   '@react-aria/select': [ '3.17.3' ],
16 silly audit   '@react-aria/selection': [ '3.27.2' ],
16 silly audit   '@react-aria/separator': [ '3.4.16' ],
16 silly audit   '@react-aria/slider': [ '3.8.5' ],
16 silly audit   '@react-aria/spinbutton': [ '3.7.2' ],
16 silly audit   '@react-aria/ssr': [ '3.9.10' ],
16 silly audit   '@react-aria/switch': [ '3.7.11' ],
16 silly audit   '@react-aria/table': [ '3.17.11' ],
16 silly audit   '@react-aria/tabs': [ '3.11.1' ],
16 silly audit   '@react-aria/tag': [ '3.8.1' ],
16 silly audit   '@react-aria/textfield': [ '3.18.5' ],
16 silly audit   '@react-aria/toast': [ '3.0.11' ],
16 silly audit   '@react-aria/toggle': [ '3.12.5' ],
16 silly audit   '@react-aria/toolbar': [ '3.0.0-beta.24' ],
16 silly audit   '@react-aria/tooltip': [ '3.9.2' ],
16 silly audit   '@react-aria/tree': [ '3.1.7' ],
16 silly audit   '@react-aria/utils': [ '3.33.1' ],
16 silly audit   '@react-aria/virtualizer': [ '4.1.13' ],
16 silly audit   '@react-aria/visually-hidden': [ '3.8.31' ],
16 silly audit   '@react-stately/autocomplete': [ '3.0.0-beta.4' ],
16 silly audit   '@react-stately/calendar': [ '3.9.3' ],
16 silly audit   '@react-stately/checkbox': [ '3.7.5' ],
16 silly audit   '@react-stately/collections': [ '3.12.10' ],
16 silly audit   '@react-stately/color': [ '3.9.5' ],
16 silly audit   '@react-stately/combobox': [ '3.13.0' ],
16 silly audit   '@react-stately/data': [ '3.15.2' ],
16 silly audit   '@react-stately/datepicker': [ '3.16.1' ],
16 silly audit   '@react-stately/disclosure': [ '3.0.11' ],
16 silly audit   '@react-stately/dnd': [ '3.7.4' ],
16 silly audit   '@react-stately/flags': [ '3.1.2' ],
16 silly audit   '@react-stately/form': [ '3.2.4' ],
16 silly audit   '@react-stately/grid': [ '3.11.9' ],
16 silly audit   '@react-stately/layout': [ '4.6.0' ],
16 silly audit   '@react-stately/list': [ '3.13.4' ],
16 silly audit   '@react-stately/menu': [ '3.9.11' ],
16 silly audit   '@react-stately/numberfield': [ '3.11.0' ],
16 silly audit   '@react-stately/overlays': [ '3.6.23' ],
16 silly audit   '@react-stately/radio': [ '3.11.5' ],
16 silly audit   '@react-stately/searchfield': [ '3.5.19' ],
16 silly audit   '@react-stately/select': [ '3.9.2' ],
16 silly audit   '@react-stately/selection': [ '3.20.9' ],
16 silly audit   '@react-stately/slider': [ '3.7.5' ],
16 silly audit   '@react-stately/table': [ '3.15.4' ],
16 silly audit   '@react-stately/tabs': [ '3.8.9' ],
16 silly audit   '@react-stately/toast': [ '3.1.3' ],
16 silly audit   '@react-stately/toggle': [ '3.9.5' ],
16 silly audit   '@react-stately/tooltip': [ '3.5.11' ],
16 silly audit   '@react-stately/tree': [ '3.9.6' ],
16 silly audit   '@react-stately/utils': [ '3.11.0' ],
16 silly audit   '@react-stately/virtualizer': [ '4.4.6' ],
16 silly audit   '@react-types/autocomplete': [ '3.0.0-alpha.38' ],
16 silly audit   '@react-types/breadcrumbs': [ '3.7.19' ],
16 silly audit   '@react-types/button': [ '3.15.1' ],
16 silly audit   '@react-types/calendar': [ '3.8.3' ],
16 silly audit   '@react-types/checkbox': [ '3.10.4' ],
16 silly audit   '@react-types/color': [ '3.1.4' ],
16 silly audit   '@react-types/combobox': [ '3.14.0' ],
16 silly audit   '@react-types/datepicker': [ '3.13.5' ],
16 silly audit   '@react-types/dialog': [ '3.5.24' ],
16 silly audit   '@react-types/form': [ '3.7.18' ],
16 silly audit   '@react-types/grid': [ '3.3.8' ],
16 silly audit   '@react-types/link': [ '3.6.7' ],
16 silly audit   '@react-types/listbox': [ '3.7.6' ],
16 silly audit   '@react-types/menu': [ '3.10.7' ],
16 silly audit   '@react-types/meter': [ '3.4.15' ],
16 silly audit   '@react-types/numberfield': [ '3.8.18' ],
16 silly audit   '@react-types/overlays': [ '3.9.4' ],
16 silly audit   '@react-types/progress': [ '3.5.18' ],
16 silly audit   '@react-types/radio': [ '3.9.4' ],
16 silly audit   '@react-types/searchfield': [ '3.6.8' ],
16 silly audit   '@react-types/select': [ '3.12.2' ],
16 silly audit   '@react-types/shared': [ '3.33.1' ],
16 silly audit   '@react-types/slider': [ '3.8.4' ],
16 silly audit   '@react-types/switch': [ '3.5.17' ],
16 silly audit   '@react-types/table': [ '3.13.6' ],
16 silly audit   '@react-types/tabs': [ '3.3.22' ],
16 silly audit   '@react-types/textfield': [ '3.12.8' ],
16 silly audit   '@react-types/tooltip': [ '3.5.2' ],
16 silly audit   '@remix-run/router': [ '1.23.2' ],
16 silly audit   '@rolldown/pluginutils': [ '1.0.0-beta.27' ],
16 silly audit   '@rollup/rollup-android-arm-eabi': [ '4.60.0' ],
16 silly audit   '@rollup/rollup-android-arm64': [ '4.60.0' ],
16 silly audit   '@rollup/rollup-darwin-arm64': [ '4.60.0' ],
16 silly audit   '@rollup/rollup-darwin-x64': [ '4.60.0' ],
16 silly audit   '@rollup/rollup-freebsd-arm64': [ '4.60.0' ],
16 silly audit   '@rollup/rollup-freebsd-x64': [ '4.60.0' ],
16 silly audit   '@rollup/rollup-linux-arm-gnueabihf': [ '4.60.0' ],
16 silly audit   '@rollup/rollup-linux-arm-musleabihf': [ '4.60.0' ],
16 silly audit   '@rollup/rollup-linux-arm64-gnu': [ '4.60.0' ],
16 silly audit   '@rollup/rollup-linux-arm64-musl': [ '4.60.0' ],
16 silly audit   '@rollup/rollup-linux-loong64-gnu': [ '4.60.0' ],
16 silly audit   '@rollup/rollup-linux-loong64-musl': [ '4.60.0' ],
16 silly audit   '@rollup/rollup-linux-ppc64-gnu': [ '4.60.0' ],
16 silly audit   '@rollup/rollup-linux-ppc64-musl': [ '4.60.0' ],
16 silly audit   '@rollup/rollup-linux-riscv64-gnu': [ '4.60.0' ],
16 silly audit   '@rollup/rollup-linux-riscv64-musl': [ '4.60.0' ],
16 silly audit   '@rollup/rollup-linux-s390x-gnu': [ '4.60.0' ],
16 silly audit   '@rollup/rollup-linux-x64-gnu': [ '4.60.0' ],
16 silly audit   '@rollup/rollup-linux-x64-musl': [ '4.60.0' ],
16 silly audit   '@rollup/rollup-openbsd-x64': [ '4.60.0' ],
16 silly audit   '@rollup/rollup-openharmony-arm64': [ '4.60.0' ],
16 silly audit   '@rollup/rollup-win32-arm64-msvc': [ '4.60.0' ],
16 silly audit   '@rollup/rollup-win32-ia32-msvc': [ '4.60.0' ],
16 silly audit   '@rollup/rollup-win32-x64-gnu': [ '4.60.0' ],
16 silly audit   '@rollup/rollup-win32-x64-msvc': [ '4.60.0' ],
16 silly audit   '@swc/helpers': [ '0.5.20' ],
16 silly audit   '@types/babel__core': [ '7.20.5' ],
16 silly audit   '@types/babel__generator': [ '7.27.0' ],
16 silly audit   '@types/babel__template': [ '7.4.4' ],
16 silly audit   '@types/babel__traverse': [ '7.28.0' ],
16 silly audit   '@types/estree': [ '1.0.8' ],
16 silly audit   '@types/prop-types': [ '15.7.15' ],
16 silly audit   '@types/react': [ '18.3.28' ],
16 silly audit   '@types/react-dom': [ '18.3.7' ],
16 silly audit   '@vitejs/plugin-react': [ '4.7.0' ],
16 silly audit   'baseline-browser-mapping': [ '2.10.12' ],
16 silly audit   browserslist: [ '4.28.1' ],
16 silly audit   'caniuse-lite': [ '1.0.30001781' ],
16 silly audit   'client-only': [ '0.0.1' ],
16 silly audit   clsx: [ '2.1.1' ],
16 silly audit   'convert-source-map': [ '2.0.0' ],
16 silly audit   csstype: [ '3.2.3' ],
16 silly audit   debug: [ '4.4.3' ],
16 silly audit   'decimal.js': [ '10.6.0' ],
16 silly audit   'electron-to-chromium': [ '1.5.328' ],
16 silly audit   esbuild: [ '0.21.5' ],
16 silly audit   escalade: [ '3.2.0' ],
16 silly audit   fsevents: [ '2.3.3' ],
16 silly audit   gensync: [ '1.0.0-beta.2' ],
16 silly audit   'input-otp': [ '1.4.2' ],
16 silly audit   'intl-messageformat': [ '10.7.18' ],
16 silly audit   'js-tokens': [ '4.0.0' ],
16 silly audit   jsesc: [ '3.1.0' ],
16 silly audit   json5: [ '2.2.3' ],
16 silly audit   'lru-cache': [ '5.1.1' ],
16 silly audit   ms: [ '2.1.3' ],
16 silly audit   nanoid: [ '3.3.11' ],
16 silly audit   'node-releases': [ '2.0.36' ],
16 silly audit   picocolors: [ '1.1.1' ],
16 silly audit   postcss: [ '8.5.8' ],
16 silly audit   react: [ '19.2.4' ],
16 silly audit   'react-aria': [ '3.47.0' ],
16 silly audit   'react-aria-components': [ '1.16.0' ],
16 silly audit   'react-dom': [ '19.2.4' ],
16 silly audit   'react-refresh': [ '0.17.0' ],
16 silly audit   'react-router': [ '6.30.3' ],
16 silly audit   'react-router-dom': [ '6.30.3' ],
16 silly audit   'react-stately': [ '3.45.0' ],
16 silly audit   rollup: [ '4.60.0' ],
16 silly audit   scheduler: [ '0.27.0' ],
16 silly audit   semver: [ '6.3.1' ],
16 silly audit   'source-map-js': [ '1.2.1' ],
16 silly audit   'tailwind-merge': [ '3.4.0' ],
16 silly audit   'tailwind-variants': [ '3.2.2' ],
16 silly audit   tailwindcss: [ '4.2.2' ],
16 silly audit   tslib: [ '2.8.1' ],
16 silly audit   'tw-animate-css': [ '1.4.0' ],
16 silly audit   typescript: [ '5.9.3' ],
16 silly audit   'update-browserslist-db': [ '1.2.3' ],
16 silly audit   'use-sync-external-store': [ '1.6.0' ],
16 silly audit   vite: [ '5.4.21' ],
16 silly audit   yallist: [ '3.1.1' ]
16 silly audit }
17 http fetch POST 200 https://registry.npmjs.org/-/npm/v1/security/advisories/bulk 304ms
18 silly audit report {
18 silly audit report   esbuild: [
18 silly audit report     {
18 silly audit report       id: 1102341,
18 silly audit report       url: 'https://github.com/advisories/GHSA-67mh-4wv8-2f99',
18 silly audit report       title: 'esbuild enables any website to send any requests to the development server and read the response',
18 silly audit report       severity: 'moderate',
18 silly audit report       vulnerable_versions: '<=0.24.2',
18 silly audit report       cwe: [Array],
18 silly audit report       cvss: [Object]
18 silly audit report     }
18 silly audit report   ]
18 silly audit report }
19 silly packumentCache corgi:https://registry.npmjs.org/esbuild cache-miss
20 http fetch GET 200 https://registry.npmjs.org/esbuild 131ms (cache miss)
21 silly packumentCache corgi:https://registry.npmjs.org/esbuild set size:undefined disposed:false
22 silly packumentCache corgi:https://registry.npmjs.org/vite cache-miss
23 http fetch GET 200 https://registry.npmjs.org/vite 102ms (cache miss)
24 silly packumentCache corgi:https://registry.npmjs.org/vite set size:undefined disposed:false
25 silly packumentCache corgi:https://registry.npmjs.org/@vitejs%2fplugin-react cache-miss
26 http fetch GET 200 https://registry.npmjs.org/@vitejs%2fplugin-react 68ms (cache miss)
27 silly packumentCache corgi:https://registry.npmjs.org/@vitejs%2fplugin-react set size:undefined disposed:false
28 verbose cwd /home/swsh/.pilot_ai/projects/***/repo
29 verbose os Linux 6.19.8-1-cachyos-bore
30 verbose node v25.8.1
31 verbose npm  v11.11.1
32 verbose exit 0
33 info ok
