0 verbose cli /usr/bin/node /usr/bin/npm
1 info using npm@11.11.1
2 info using node@v25.8.1
3 silly config load:file:/usr/lib/node_modules/npm/npmrc
4 silly config load:file:/home/swsh/.pilot_ai/projects/***/repo/.npmrc
5 silly config load:file:/etc/npmrc
6 verbose title npm run
7 verbose argv "run"
8 verbose logfile logs-max:10 dir:/home/swsh/.pilot_ai/projects/***/repo/.npm/_logs/2026-03-29T01_06_59_001Z-
9 verbose logfile /home/swsh/.pilot_ai/projects/***/repo/.npm/_logs/2026-03-29T01_06_59_001Z-debug-0.log
10 silly logfile start cleaning logs, removing 1 files
11 silly logfile done cleaning log files
12 verbose stack JSONParseError: Invalid package.json: JSONParseError: Unexpected end of JSON input while parsing empty string
12 verbose stack     at parse (/usr/lib/node_modules/npm/node_modules/@npmcli/package-json/lib/read-package.js:19:21)
12 verbose stack     at PackageJson.fromJSON (/usr/lib/node_modules/npm/node_modules/@npmcli/package-json/lib/index.js:162:22)
12 verbose stack     at PackageJson.load (/usr/lib/node_modules/npm/node_modules/@npmcli/package-json/lib/index.js:157:17)
12 verbose stack     at async PackageJson.normalize (/usr/lib/node_modules/npm/node_modules/@npmcli/package-json/lib/index.js:117:5)
12 verbose stack     at async #list (/usr/lib/node_modules/npm/lib/commands/run.js:150:41)
12 verbose stack     at async RunScript.exec (/usr/lib/node_modules/npm/lib/commands/run.js:46:7)
12 verbose stack     at async Npm.exec (/usr/lib/node_modules/npm/lib/npm.js:193:9)
12 verbose stack     at async module.exports (/usr/lib/node_modules/npm/lib/cli/entry.js:67:5)
13 error code EJSONPARSE
14 error JSON.parse Invalid package.json: JSONParseError: Unexpected end of JSON input while parsing empty string
15 error JSON.parse Failed to parse JSON data.
15 error JSON.parse Note: package.json must be actual JSON, not just JavaScript.
16 verbose cwd /home/swsh/.pilot_ai/projects/***/repo
17 verbose os Linux 6.19.8-1-cachyos-bore
18 verbose node v25.8.1
19 verbose npm  v11.11.1
20 verbose exit 1
21 verbose code 1
22 error A complete log of this run can be found in: /home/swsh/.pilot_ai/projects/***/repo/.npm/_logs/2026-03-29T01_06_59_001Z-debug-0.log
