0 verbose cli /usr/bin/node /usr/bin/npm
1 info using npm@11.11.1
2 info using node@v25.8.1
3 silly config load:file:/usr/lib/node_modules/npm/npmrc
4 silly config load:file:/home/swsh/.pilot_ai/projects/***/repo/.npmrc
5 silly config load:file:/etc/npmrc
6 verbose title npm run decv
7 verbose argv "run" "decv"
8 verbose logfile logs-max:10 dir:/home/swsh/.pilot_ai/projects/***/repo/.npm/_logs/2026-03-28T14_49_19_980Z-
9 verbose logfile /home/swsh/.pilot_ai/projects/***/repo/.npm/_logs/2026-03-28T14_49_19_980Z-debug-0.log
10 silly logfile start cleaning logs, removing 1 files
11 silly logfile done cleaning log files
12 verbose stack Error: Missing script: "decv"
12 verbose stack
12 verbose stack Did you mean this?
12 verbose stack   npm run dev # run the "dev" package script
12 verbose stack
12 verbose stack To see a list of scripts, run:
12 verbose stack   npm run
12 verbose stack     at #run (/usr/lib/node_modules/npm/lib/commands/run.js:115:13)
12 verbose stack     at async RunScript.exec (/usr/lib/node_modules/npm/lib/commands/run.js:44:7)
12 verbose stack     at async Npm.exec (/usr/lib/node_modules/npm/lib/npm.js:193:9)
12 verbose stack     at async module.exports (/usr/lib/node_modules/npm/lib/cli/entry.js:67:5)
13 error Missing script: "decv"
13 error
13 error Did you mean this?
13 error   npm run dev # run the "dev" package script
13 error
13 error To see a list of scripts, run:
13 error   npm run
14 verbose cwd /home/swsh/.pilot_ai/projects/***/repo
15 verbose os Linux 6.19.8-1-cachyos-bore
16 verbose node v25.8.1
17 verbose npm  v11.11.1
18 verbose exit 1
19 verbose code 1
20 error A complete log of this run can be found in: /home/swsh/.pilot_ai/projects/***/repo/.npm/_logs/2026-03-28T14_49_19_980Z-debug-0.log
